// Jest Snapshot v1, https://goo.gl/fbAQLP

exports[`instruments: sum function should return an addition of two arguments passed 1`] = `9`;
